2026-02-16T11:35:38.5208009Z Current runner version: '2.331.0'
2026-02-16T11:35:38.5233789Z ##[group]Runner Image Provisioner
2026-02-16T11:35:38.5234717Z Hosted Compute Agent
2026-02-16T11:35:38.5235324Z Version: 20260123.484
2026-02-16T11:35:38.5235919Z Commit: 6bd6555ca37d84114959e1c76d2c01448ff61c5d
2026-02-16T11:35:38.5237064Z Build Date: 2026-01-23T19:41:17Z
2026-02-16T11:35:38.5237733Z Worker ID: {7f21a7e6-9833-47eb-9c3f-e6e57b8de3f6}
2026-02-16T11:35:38.5238392Z Azure Region: northcentralus
2026-02-16T11:35:38.5239070Z ##[endgroup]
2026-02-16T11:35:38.5240742Z ##[group]Operating System
2026-02-16T11:35:38.5241338Z Ubuntu
2026-02-16T11:35:38.5241950Z 24.04.3
2026-02-16T11:35:38.5242368Z LTS
2026-02-16T11:35:38.5242862Z ##[endgroup]
2026-02-16T11:35:38.5243360Z ##[group]Runner Image
2026-02-16T11:35:38.5243949Z Image: ubuntu-24.04
2026-02-16T11:35:38.5244422Z Version: 20260209.23.1
2026-02-16T11:35:38.5245653Z Included Software: https://github.com/actions/runner-images/blob/ubuntu24/20260209.23/images/ubuntu/Ubuntu2404-Readme.md
2026-02-16T11:35:38.5247245Z Image Release: https://github.com/actions/runner-images/releases/tag/ubuntu24%2F20260209.23
2026-02-16T11:35:38.5248293Z ##[endgroup]
2026-02-16T11:35:38.5250838Z ##[group]GITHUB_TOKEN Permissions
2026-02-16T11:35:38.5253098Z Actions: write
2026-02-16T11:35:38.5253752Z ArtifactMetadata: write
2026-02-16T11:35:38.5254448Z Attestations: write
2026-02-16T11:35:38.5254910Z Checks: write
2026-02-16T11:35:38.5255542Z Contents: write
2026-02-16T11:35:38.5256334Z Deployments: write
2026-02-16T11:35:38.5256858Z Discussions: write
2026-02-16T11:35:38.5257460Z Issues: write
2026-02-16T11:35:38.5257913Z Metadata: read
2026-02-16T11:35:38.5258418Z Models: read
2026-02-16T11:35:38.5258951Z Packages: write
2026-02-16T11:35:38.5259459Z Pages: write
2026-02-16T11:35:38.5260037Z PullRequests: write
2026-02-16T11:35:38.5260615Z RepositoryProjects: write
2026-02-16T11:35:38.5261191Z SecurityEvents: write
2026-02-16T11:35:38.5261718Z Statuses: write
2026-02-16T11:35:38.5262296Z ##[endgroup]
2026-02-16T11:35:38.5264422Z Secret source: Actions
2026-02-16T11:35:38.5265417Z Prepare workflow directory
2026-02-16T11:35:38.5603078Z Prepare all required actions
2026-02-16T11:35:38.5645585Z Getting action download info
2026-02-16T11:35:39.0309894Z Download action repository 'actions/checkout@v4' (SHA:34e114876b0b11c390a56381ad16ebd13914f8d5)
2026-02-16T11:35:39.1683850Z Download action repository 'actions/cache@v4' (SHA:0057852bfaa89a56745cba8c7296529d2fc39830)
2026-02-16T11:35:39.2774870Z Download action repository 'actions/setup-java@v4' (SHA:c1e323688fd81a25caa38c78aa6df2d33d3e20d9)
2026-02-16T11:35:39.7698909Z Download action repository 'sec-open/vuln-diff-action@v2.0.0-alpha.3' (SHA:1adb98a278348570f53b6b722ce8f76aae85f8fe)
2026-02-16T11:35:41.0045867Z Complete job name: compare-branches
2026-02-16T11:35:41.0916798Z ##[group]Run actions/checkout@v4
2026-02-16T11:35:41.0918146Z with:
2026-02-16T11:35:41.0918858Z   ref: TASK-7908
2026-02-16T11:35:41.0919638Z   fetch-depth: 0
2026-02-16T11:35:41.0920408Z   fetch-tags: true
2026-02-16T11:35:41.0921289Z   repository: opencb/java-common-libs
2026-02-16T11:35:41.0922587Z   token: ***
2026-02-16T11:35:41.0923328Z   ssh-strict: true
2026-02-16T11:35:41.0924105Z   ssh-user: git
2026-02-16T11:35:41.0924927Z   persist-credentials: true
2026-02-16T11:35:41.0925819Z   clean: true
2026-02-16T11:35:41.0926788Z   sparse-checkout-cone-mode: true
2026-02-16T11:35:41.0927781Z   show-progress: true
2026-02-16T11:35:41.0928573Z   lfs: false
2026-02-16T11:35:41.0929315Z   submodules: false
2026-02-16T11:35:41.0930129Z   set-safe-directory: true
2026-02-16T11:35:41.0931277Z ##[endgroup]
2026-02-16T11:35:41.2082664Z Syncing repository: opencb/java-common-libs
2026-02-16T11:35:41.2085820Z ##[group]Getting Git version info
2026-02-16T11:35:41.2087790Z Working directory is '/home/runner/work/java-common-libs/java-common-libs'
2026-02-16T11:35:41.2090085Z [command]/usr/bin/git version
2026-02-16T11:35:41.2091077Z git version 2.52.0
2026-02-16T11:35:41.2111499Z ##[endgroup]
2026-02-16T11:35:41.2129099Z Temporarily overriding HOME='/home/runner/work/_temp/f779e485-3b3c-4fc1-9c06-8f1c955cba77' before making global git config changes
2026-02-16T11:35:41.2134219Z Adding repository directory to the temporary git global config as a safe directory
2026-02-16T11:35:41.2144103Z [command]/usr/bin/git config --global --add safe.directory /home/runner/work/java-common-libs/java-common-libs
2026-02-16T11:35:41.2188965Z Deleting the contents of '/home/runner/work/java-common-libs/java-common-libs'
2026-02-16T11:35:41.2193053Z ##[group]Initializing the repository
2026-02-16T11:35:41.2198028Z [command]/usr/bin/git init /home/runner/work/java-common-libs/java-common-libs
2026-02-16T11:35:41.2325541Z hint: Using 'master' as the name for the initial branch. This default branch name
2026-02-16T11:35:41.2328208Z hint: will change to "main" in Git 3.0. To configure the initial branch name
2026-02-16T11:35:41.2331059Z hint: to use in all of your new repositories, which will suppress this warning,
2026-02-16T11:35:41.2333967Z hint: call:
2026-02-16T11:35:41.2335363Z hint:
2026-02-16T11:35:41.2337429Z hint: 	git config --global init.defaultBranch <name>
2026-02-16T11:35:41.2339616Z hint:
2026-02-16T11:35:41.2341652Z hint: Names commonly chosen instead of 'master' are 'main', 'trunk' and
2026-02-16T11:35:41.2344917Z hint: 'development'. The just-created branch can be renamed via this command:
2026-02-16T11:35:41.2347866Z hint:
2026-02-16T11:35:41.2349131Z hint: 	git branch -m <name>
2026-02-16T11:35:41.2351105Z hint:
2026-02-16T11:35:41.2352526Z hint: Disable this message with "git config set advice.defaultBranchName false"
2026-02-16T11:35:41.2354749Z Initialized empty Git repository in /home/runner/work/java-common-libs/java-common-libs/.git/
2026-02-16T11:35:41.2360131Z [command]/usr/bin/git remote add origin https://github.com/opencb/java-common-libs
2026-02-16T11:35:41.2384253Z ##[endgroup]
2026-02-16T11:35:41.2387131Z ##[group]Disabling automatic garbage collection
2026-02-16T11:35:41.2389537Z [command]/usr/bin/git config --local gc.auto 0
2026-02-16T11:35:41.2421088Z ##[endgroup]
2026-02-16T11:35:41.2423687Z ##[group]Setting up auth
2026-02-16T11:35:41.2429119Z [command]/usr/bin/git config --local --name-only --get-regexp core\.sshCommand
2026-02-16T11:35:41.2464782Z [command]/usr/bin/git submodule foreach --recursive sh -c "git config --local --name-only --get-regexp 'core\.sshCommand' && git config --local --unset-all 'core.sshCommand' || :"
2026-02-16T11:35:41.2854726Z [command]/usr/bin/git config --local --name-only --get-regexp http\.https\:\/\/github\.com\/\.extraheader
2026-02-16T11:35:41.2892286Z [command]/usr/bin/git submodule foreach --recursive sh -c "git config --local --name-only --get-regexp 'http\.https\:\/\/github\.com\/\.extraheader' && git config --local --unset-all 'http.https://github.com/.extraheader' || :"
2026-02-16T11:35:41.3127612Z [command]/usr/bin/git config --local --name-only --get-regexp ^includeIf\.gitdir:
2026-02-16T11:35:41.3162664Z [command]/usr/bin/git submodule foreach --recursive git config --local --show-origin --name-only --get-regexp remote.origin.url
2026-02-16T11:35:41.3421302Z [command]/usr/bin/git config --local http.https://github.com/.extraheader AUTHORIZATION: basic ***
2026-02-16T11:35:41.3459276Z ##[endgroup]
2026-02-16T11:35:41.3461914Z ##[group]Fetching the repository
2026-02-16T11:35:41.3471084Z [command]/usr/bin/git -c protocol.version=2 fetch --prune --no-recurse-submodules origin +refs/heads/*:refs/remotes/origin/* +refs/tags/*:refs/tags/*
2026-02-16T11:35:42.0602822Z From https://github.com/opencb/java-common-libs
2026-02-16T11:35:42.0604730Z  * [new branch]        TASK-1113               -> origin/TASK-1113
2026-02-16T11:35:42.0609224Z  * [new branch]        TASK-1120               -> origin/TASK-1120
2026-02-16T11:35:42.0610333Z  * [new branch]        TASK-1309               -> origin/TASK-1309
2026-02-16T11:35:42.0611200Z  * [new branch]        TASK-1415               -> origin/TASK-1415
2026-02-16T11:35:42.0612195Z  * [new branch]        TASK-1718               -> origin/TASK-1718
2026-02-16T11:35:42.0613554Z  * [new branch]        TASK-2290               -> origin/TASK-2290
2026-02-16T11:35:42.0614426Z  * [new branch]        TASK-2297               -> origin/TASK-2297
2026-02-16T11:35:42.0615512Z  * [new branch]        TASK-2315               -> origin/TASK-2315
2026-02-16T11:35:42.0616632Z  * [new branch]        TASK-2347               -> origin/TASK-2347
2026-02-16T11:35:42.0617529Z  * [new branch]        TASK-2390               -> origin/TASK-2390
2026-02-16T11:35:42.0618534Z  * [new branch]        TASK-2496               -> origin/TASK-2496
2026-02-16T11:35:42.0619334Z  * [new branch]        TASK-3808               -> origin/TASK-3808
2026-02-16T11:35:42.0620192Z  * [new branch]        TASK-3900               -> origin/TASK-3900
2026-02-16T11:35:42.0621140Z  * [new branch]        TASK-504                -> origin/TASK-504
2026-02-16T11:35:42.0621970Z  * [new branch]        TASK-5174               -> origin/TASK-5174
2026-02-16T11:35:42.0622754Z  * [new branch]        TASK-5681               -> origin/TASK-5681
2026-02-16T11:35:42.0623707Z  * [new branch]        TASK-5696               -> origin/TASK-5696
2026-02-16T11:35:42.0624567Z  * [new branch]        TASK-6165               -> origin/TASK-6165
2026-02-16T11:35:42.0625341Z  * [new branch]        TASK-6187               -> origin/TASK-6187
2026-02-16T11:35:42.0628907Z  * [new branch]        TASK-6521               -> origin/TASK-6521
2026-02-16T11:35:42.0629461Z  * [new branch]        TASK-694                -> origin/TASK-694
2026-02-16T11:35:42.0630028Z  * [new branch]        TASK-6981               -> origin/TASK-6981
2026-02-16T11:35:42.0630642Z  * [new branch]        TASK-7037               -> origin/TASK-7037
2026-02-16T11:35:42.0631264Z  * [new branch]        TASK-7353               -> origin/TASK-7353
2026-02-16T11:35:42.0631905Z  * [new branch]        TASK-7400               -> origin/TASK-7400
2026-02-16T11:35:42.0632480Z  * [new branch]        TASK-7461               -> origin/TASK-7461
2026-02-16T11:35:42.0633066Z  * [new branch]        TASK-7532               -> origin/TASK-7532
2026-02-16T11:35:42.0633920Z  * [new branch]        TASK-7612               -> origin/TASK-7612
2026-02-16T11:35:42.0634973Z  * [new branch]        TASK-7693               -> origin/TASK-7693
2026-02-16T11:35:42.0635825Z  * [new branch]        TASK-7731               -> origin/TASK-7731
2026-02-16T11:35:42.0636892Z  * [new branch]        TASK-7751               -> origin/TASK-7751
2026-02-16T11:35:42.0637992Z  * [new branch]        TASK-7809               -> origin/TASK-7809
2026-02-16T11:35:42.0638905Z  * [new branch]        TASK-7908               -> origin/TASK-7908
2026-02-16T11:35:42.0639691Z  * [new branch]        TASK-7958               -> origin/TASK-7958
2026-02-16T11:35:42.0640925Z  * [new branch]        TASK-7966               -> origin/TASK-7966
2026-02-16T11:35:42.0641769Z  * [new branch]        TASK-8055               -> origin/TASK-8055
2026-02-16T11:35:42.0642734Z  * [new branch]        TASK-8067               -> origin/TASK-8067
2026-02-16T11:35:42.0643702Z  * [new branch]        TASK-832                -> origin/TASK-832
2026-02-16T11:35:42.0644498Z  * [new branch]        develop                 -> origin/develop
2026-02-16T11:35:42.0645468Z  * [new branch]        develop-facet-venn      -> origin/develop-facet-venn
2026-02-16T11:35:42.0646617Z  * [new branch]        develop-mongo6          -> origin/develop-mongo6
2026-02-16T11:35:42.0647579Z  * [new branch]        feature-status          -> origin/feature-status
2026-02-16T11:35:42.0648533Z  * [new branch]        feature/new-mongo-schema -> origin/feature/new-mongo-schema
2026-02-16T11:35:42.0649223Z  * [new branch]        halender-patch-1        -> origin/halender-patch-1
2026-02-16T11:35:42.0649822Z  * [new branch]        hotfix-3.2              -> origin/hotfix-3.2
2026-02-16T11:35:42.0650404Z  * [new branch]        hotfix-3.3              -> origin/hotfix-3.3
2026-02-16T11:35:42.0650966Z  * [new branch]        hotfix-3.4.x            -> origin/hotfix-3.4.x
2026-02-16T11:35:42.0651657Z  * [new branch]        hotfix-3.5.x            -> origin/hotfix-3.5.x
2026-02-16T11:35:42.0652225Z  * [new branch]        hotfix-3.7.x            -> origin/hotfix-3.7.x
2026-02-16T11:35:42.0652784Z  * [new branch]        issue-40                -> origin/issue-40
2026-02-16T11:35:42.0653263Z  * [new branch]        main                    -> origin/main
2026-02-16T11:35:42.0653753Z  * [new branch]        mvntest                 -> origin/mvntest
2026-02-16T11:35:42.0654210Z  * [new branch]        release-4.0.0           -> origin/release-4.0.0
2026-02-16T11:35:42.0654873Z  * [new branch]        release-4.1.x           -> origin/release-4.1.x
2026-02-16T11:35:42.0655422Z  * [new branch]        release-4.10.x          -> origin/release-4.10.x
2026-02-16T11:35:42.0655935Z  * [new branch]        release-4.11.x          -> origin/release-4.11.x
2026-02-16T11:35:42.0656819Z  * [new branch]        release-4.12.x          -> origin/release-4.12.x
2026-02-16T11:35:42.0657342Z  * [new branch]        release-4.2.x           -> origin/release-4.2.x
2026-02-16T11:35:42.0657885Z  * [new branch]        release-4.3.x           -> origin/release-4.3.x
2026-02-16T11:35:42.0658470Z  * [new branch]        release-4.4.x           -> origin/release-4.4.x
2026-02-16T11:35:42.0659056Z  * [new branch]        release-4.5.x           -> origin/release-4.5.x
2026-02-16T11:35:42.0659572Z  * [new branch]        release-4.6.x           -> origin/release-4.6.x
2026-02-16T11:35:42.0660139Z  * [new branch]        release-4.7.x           -> origin/release-4.7.x
2026-02-16T11:35:42.0660693Z  * [new branch]        release-4.8.x           -> origin/release-4.8.x
2026-02-16T11:35:42.0661250Z  * [new branch]        release-4.9.x           -> origin/release-4.9.x
2026-02-16T11:35:42.0661893Z  * [new branch]        release-5.0.x           -> origin/release-5.0.x
2026-02-16T11:35:42.0662454Z  * [new branch]        release-5.0.x-beta      -> origin/release-5.0.x-beta
2026-02-16T11:35:42.0662967Z  * [new branch]        release-5.1.x           -> origin/release-5.1.x
2026-02-16T11:35:42.0663552Z  * [new branch]        release-5.2.x           -> origin/release-5.2.x
2026-02-16T11:35:42.0664115Z  * [new branch]        release-5.x.x           -> origin/release-5.x.x
2026-02-16T11:35:42.0664622Z  * [new branch]        release-6.0.x           -> origin/release-6.0.x
2026-02-16T11:35:42.0665226Z  * [new branch]        release-6.x.x           -> origin/release-6.x.x
2026-02-16T11:35:42.0665759Z  * [new branch]        revert-4-newGOAnnotator -> origin/revert-4-newGOAnnotator
2026-02-16T11:35:42.0666669Z  * [new branch]        v1.0-fixes              -> origin/v1.0-fixes
2026-02-16T11:35:42.0667262Z  * [new tag]           1.0.0                   -> 1.0.0
2026-02-16T11:35:42.0667830Z  * [new tag]           v3.0.0                  -> v3.0.0
2026-02-16T11:35:42.0668297Z  * [new tag]           v3.1.0                  -> v3.1.0
2026-02-16T11:35:42.0668798Z  * [new tag]           v3.2.0                  -> v3.2.0
2026-02-16T11:35:42.0669266Z  * [new tag]           v3.2.1                  -> v3.2.1
2026-02-16T11:35:42.0669673Z  * [new tag]           v3.3.0                  -> v3.3.0
2026-02-16T11:35:42.0670145Z  * [new tag]           v3.3.1                  -> v3.3.1
2026-02-16T11:35:42.0670622Z  * [new tag]           v3.3.2                  -> v3.3.2
2026-02-16T11:35:42.0671033Z  * [new tag]           v3.4.0                  -> v3.4.0
2026-02-16T11:35:42.0671539Z  * [new tag]           v3.4.1                  -> v3.4.1
2026-02-16T11:35:42.0671966Z  * [new tag]           v3.4.2                  -> v3.4.2
2026-02-16T11:35:42.0672415Z  * [new tag]           v3.5.0                  -> v3.5.0
2026-02-16T11:35:42.0672894Z  * [new tag]           v3.5.1                  -> v3.5.1
2026-02-16T11:35:42.0673324Z  * [new tag]           v3.6.0                  -> v3.6.0
2026-02-16T11:35:42.0673772Z  * [new tag]           v3.7.0                  -> v3.7.0
2026-02-16T11:35:42.0674191Z  * [new tag]           v3.7.1                  -> v3.7.1
2026-02-16T11:35:42.0674705Z  * [new tag]           v3.7.2                  -> v3.7.2
2026-02-16T11:35:42.0675241Z  * [new tag]           v3.7.3                  -> v3.7.3
2026-02-16T11:35:42.0675680Z  * [new tag]           v3.7.4                  -> v3.7.4
2026-02-16T11:35:42.0676681Z  * [new tag]           v3.7.5                  -> v3.7.5
2026-02-16T11:35:42.0677115Z  * [new tag]           v4.0.0                  -> v4.0.0
2026-02-16T11:35:42.0677612Z  * [new tag]           v4.0.1                  -> v4.0.1
2026-02-16T11:35:42.0678104Z  * [new tag]           v4.0.2                  -> v4.0.2
2026-02-16T11:35:42.0678555Z  * [new tag]           v4.0.3                  -> v4.0.3
2026-02-16T11:35:42.0678963Z  * [new tag]           v4.0.4                  -> v4.0.4
2026-02-16T11:35:42.0679469Z  * [new tag]           v4.0.5                  -> v4.0.5
2026-02-16T11:35:42.0679948Z  * [new tag]           v4.0.6                  -> v4.0.6
2026-02-16T11:35:42.0680351Z  * [new tag]           v4.1.0                  -> v4.1.0
2026-02-16T11:35:42.0680845Z  * [new tag]           v4.1.1                  -> v4.1.1
2026-02-16T11:35:42.0681261Z  * [new tag]           v4.1.2                  -> v4.1.2
2026-02-16T11:35:42.0681713Z  * [new tag]           v4.10.0                 -> v4.10.0
2026-02-16T11:35:42.0682228Z  * [new tag]           v4.11.0                 -> v4.11.0
2026-02-16T11:35:42.0682642Z  * [new tag]           v4.12.0                 -> v4.12.0
2026-02-16T11:35:42.0683127Z  * [new tag]           v4.2.0                  -> v4.2.0
2026-02-16T11:35:42.0683564Z  * [new tag]           v4.2.1                  -> v4.2.1
2026-02-16T11:35:42.0684032Z  * [new tag]           v4.3.0                  -> v4.3.0
2026-02-16T11:35:42.0684445Z  * [new tag]           v4.4.0                  -> v4.4.0
2026-02-16T11:35:42.0684924Z  * [new tag]           v4.4.1                  -> v4.4.1
2026-02-16T11:35:42.0685421Z  * [new tag]           v4.4.2                  -> v4.4.2
2026-02-16T11:35:42.0685822Z  * [new tag]           v4.4.3                  -> v4.4.3
2026-02-16T11:35:42.0686628Z  * [new tag]           v4.4.4                  -> v4.4.4
2026-02-16T11:35:42.0687060Z  * [new tag]           v4.4.5                  -> v4.4.5
2026-02-16T11:35:42.0715926Z  * [new tag]           v4.5.0                  -> v4.5.0
2026-02-16T11:35:42.0716879Z  * [new tag]           v4.6.0                  -> v4.6.0
2026-02-16T11:35:42.0717463Z  * [new tag]           v4.6.1                  -> v4.6.1
2026-02-16T11:35:42.0718076Z  * [new tag]           v4.7.0                  -> v4.7.0
2026-02-16T11:35:42.0718760Z  * [new tag]           v4.7.1                  -> v4.7.1
2026-02-16T11:35:42.0719328Z  * [new tag]           v4.8.0                  -> v4.8.0
2026-02-16T11:35:42.0719927Z  * [new tag]           v4.9.0                  -> v4.9.0
2026-02-16T11:35:42.0720872Z  * [new tag]           v5.0.0                  -> v5.0.0
2026-02-16T11:35:42.0721579Z  * [new tag]           v5.1.0                  -> v5.1.0
2026-02-16T11:35:42.0722253Z  * [new tag]           v5.2.0                  -> v5.2.0
2026-02-16T11:35:42.0722935Z  * [new tag]           v5.2.1                  -> v5.2.1
2026-02-16T11:35:42.0723579Z  * [new tag]           v5.2.2                  -> v5.2.2
2026-02-16T11:35:42.0724211Z  * [new tag]           v5.2.3                  -> v5.2.3
2026-02-16T11:35:42.0724822Z  * [new tag]           v5.3.0                  -> v5.3.0
2026-02-16T11:35:42.0725431Z  * [new tag]           v5.4.0                  -> v5.4.0
2026-02-16T11:35:42.0726278Z  * [new tag]           v5.5.0                  -> v5.5.0
2026-02-16T11:35:42.0726910Z  * [new tag]           v5.6.0                  -> v5.6.0
2026-02-16T11:35:42.0727523Z  * [new tag]           v6.0.0                  -> v6.0.0
2026-02-16T11:35:42.0728150Z  * [new tag]           v6.1.0                  -> v6.1.0
2026-02-16T11:35:42.0814115Z ##[endgroup]
2026-02-16T11:35:42.0814871Z ##[group]Determining the checkout info
2026-02-16T11:35:42.0820860Z [command]/usr/bin/git branch --list --remote origin/TASK-7908
2026-02-16T11:35:42.0860610Z   origin/TASK-7908
2026-02-16T11:35:42.0865111Z ##[endgroup]
2026-02-16T11:35:42.0870491Z [command]/usr/bin/git sparse-checkout disable
2026-02-16T11:35:42.0913198Z [command]/usr/bin/git config --local --unset-all extensions.worktreeConfig
2026-02-16T11:35:42.0942196Z ##[group]Checking out the ref
2026-02-16T11:35:42.0947055Z [command]/usr/bin/git checkout --progress --force -B TASK-7908 refs/remotes/origin/TASK-7908
2026-02-16T11:35:42.1351824Z Switched to a new branch 'TASK-7908'
2026-02-16T11:35:42.1353490Z branch 'TASK-7908' set up to track 'origin/TASK-7908'.
2026-02-16T11:35:42.1364049Z ##[endgroup]
2026-02-16T11:35:42.1406612Z [command]/usr/bin/git log -1 --format=%H
2026-02-16T11:35:42.1431848Z 6ea5bda43331f60dd07514b84dc9a1eded4e4515
2026-02-16T11:35:42.1657754Z ##[group]Run actions/cache@v4
2026-02-16T11:35:42.1658082Z with:
2026-02-16T11:35:42.1658323Z   path: ~/.cache/puppeteer
2026-02-16T11:35:42.1658616Z   key: puppeteer-Linux
2026-02-16T11:35:42.1658887Z   enableCrossOsArchive: false
2026-02-16T11:35:42.1659193Z   fail-on-cache-miss: false
2026-02-16T11:35:42.1659500Z   lookup-only: false
2026-02-16T11:35:42.1659740Z   save-always: false
2026-02-16T11:35:42.1659988Z ##[endgroup]
2026-02-16T11:35:42.4943559Z Cache not found for input keys: puppeteer-Linux
2026-02-16T11:35:42.5108739Z ##[group]Run actions/setup-java@v4
2026-02-16T11:35:42.5109025Z with:
2026-02-16T11:35:42.5109215Z   distribution: temurin
2026-02-16T11:35:42.5109417Z   java-version: 8
2026-02-16T11:35:42.5109601Z   cache: maven
2026-02-16T11:35:42.5109775Z   java-package: jdk
2026-02-16T11:35:42.5109974Z   check-latest: false
2026-02-16T11:35:42.5110190Z   server-id: github
2026-02-16T11:35:42.5110391Z   server-username: GITHUB_ACTOR
2026-02-16T11:35:42.5110647Z   server-password: GITHUB_TOKEN
2026-02-16T11:35:42.5110903Z   overwrite-settings: true
2026-02-16T11:35:42.5111139Z   job-status: success
2026-02-16T11:35:42.5111442Z   token: ***
2026-02-16T11:35:42.5111628Z ##[endgroup]
2026-02-16T11:35:42.7341229Z ##[group]Installed distributions
2026-02-16T11:35:42.7407702Z Resolved Java 8.0.482+8 from tool-cache
2026-02-16T11:35:42.7408526Z Setting Java 8.0.482+8 as the default
2026-02-16T11:35:42.7423048Z Creating toolchains.xml for JDK version 8 from temurin
2026-02-16T11:35:42.7503728Z Writing to /home/runner/.m2/toolchains.xml
2026-02-16T11:35:42.7504678Z
2026-02-16T11:35:42.7506959Z Java configuration:
2026-02-16T11:35:42.7508127Z   Distribution: temurin
2026-02-16T11:35:42.7509175Z   Version: 8.0.482+8
2026-02-16T11:35:42.7510041Z   Path: /opt/hostedtoolcache/Java_Temurin-Hotspot_jdk/8.0.482-8/x64
2026-02-16T11:35:42.7510605Z
2026-02-16T11:35:42.7511140Z ##[endgroup]
2026-02-16T11:35:42.7526646Z Creating settings.xml with server-id: github
2026-02-16T11:35:42.7535118Z Writing to /home/runner/.m2/settings.xml
2026-02-16T11:35:42.9858189Z maven cache is not found
2026-02-16T11:35:43.0009825Z ##[group]Run sec-open/vuln-diff-action@v2.0.0-alpha.3
2026-02-16T11:35:43.0010169Z with:
2026-02-16T11:35:43.0010352Z   base_ref: develop
2026-02-16T11:35:43.0010547Z   head_ref: TASK-7908
2026-02-16T11:35:43.0011080Z   html_logo_url: https://zettagenomics.com/wp-content/uploads/2022/10/Zetta-reversed-out-full-logo-dark-background.png
2026-02-16T11:35:43.0011619Z   path: .
2026-02-16T11:35:43.0011933Z   github_token: ***
2026-02-16T11:35:43.0012150Z   include_dev_dependencies: false
2026-02-16T11:35:43.0012374Z env:
2026-02-16T11:35:43.0012651Z   JAVA_HOME: /opt/hostedtoolcache/Java_Temurin-Hotspot_jdk/8.0.482-8/x64
2026-02-16T11:35:43.0013114Z   JAVA_HOME_8_X64: /opt/hostedtoolcache/Java_Temurin-Hotspot_jdk/8.0.482-8/x64
2026-02-16T11:35:43.0013475Z ##[endgroup]
2026-02-16T11:35:43.1905590Z [vuln-diff] Analysis: start
2026-02-16T11:35:43.1912454Z ##[group][analysis] Inputs
2026-02-16T11:35:43.1912955Z [debug] Analysis start
2026-02-16T11:35:43.1913400Z base_ref: develop
2026-02-16T11:35:43.1913840Z head_ref: TASK-7908
2026-02-16T11:35:43.1915928Z path: .
2026-02-16T11:35:43.1930303Z ##[endgroup]
2026-02-16T11:35:43.1931299Z ##[group][analysis] Tools detection
2026-02-16T11:37:00.2378784Z tools detected in 77045ms
2026-02-16T11:37:00.2381182Z ##[endgroup]
2026-02-16T11:37:00.2381821Z ##[group][analysis] Resolve refs & prepare worktrees
2026-02-16T11:37:00.4468006Z resolved base_sha: 1cc8a1f06371e32e8ead07a1eb402c7121857159 (1cc8a1f)
2026-02-16T11:37:00.4468544Z resolved head_sha: 6ea5bda43331f60dd07514b84dc9a1eded4e4515 (6ea5bda)
2026-02-16T11:37:00.5368262Z base workdir: /home/runner/work/java-common-libs/java-common-libs/dist/refs/1cc8a1f
2026-02-16T11:37:00.5369290Z head workdir: /home/runner/work/java-common-libs/java-common-libs/dist/refs/6ea5bda
2026-02-16T11:37:00.5370083Z refs & worktrees ready in 299ms
2026-02-16T11:37:00.5371006Z ##[endgroup]
2026-02-16T11:37:00.5371651Z ##[group][analysis] Project type detection
2026-02-16T11:37:00.5372321Z [analysis] Detected project type: java
2026-02-16T11:37:00.5372848Z ##[endgroup]
2026-02-16T11:37:00.5373645Z ##[group][analysis] SBOM generation
2026-02-16T11:37:41.3358034Z wrote SBOMs -> /home/runner/work/java-common-libs/java-common-libs/dist/sbom/base.sbom.json / /home/runner/work/java-common-libs/java-common-libs/dist/sbom/head.sbom.json
2026-02-16T11:37:41.3359562Z SBOM generation done in 40798ms
2026-02-16T11:37:41.3360481Z ##[endgroup]
2026-02-16T11:37:41.3361203Z ##[group][analysis] Vulnerability scanning (Grype + npm audit)
2026-02-16T11:37:41.6611099Z ##[error][debug] Error caught in analysis: Error: npm audit failed: Command failed: npm audit --json
npm error code ENOLOCK
npm error audit This command requires an existing lockfile.
npm error audit Try creating one first with: npm i --package-lock-only
npm error audit Original error: loadVirtual requires existing shrinkwrap file
npm error A complete log of this run can be found in: /home/runner/.npm/_logs/2026-02-16T11_37_41_397Z-debug-0.log

    at scanWithNpmAudit (/home/runner/work/_actions/sec-open/vuln-diff-action/v2.0.0-alpha.3/.bundle/index.js:812:198639)
    at process.processTicksAndRejections (node:internal/process/task_queues:95:5)
    at async analysis (/home/runner/work/_actions/sec-open/vuln-diff-action/v2.0.0-alpha.3/.bundle/index.js:812:191817)
    at async runMain (/home/runner/work/_actions/sec-open/vuln-diff-action/v2.0.0-alpha.3/.bundle/index.js:812:211438)
2026-02-16T11:37:41.6624439Z ##[error][analysis] failed: npm audit failed: Command failed: npm audit --json
npm error code ENOLOCK
npm error audit This command requires an existing lockfile.
npm error audit Try creating one first with: npm i --package-lock-only
npm error audit Original error: loadVirtual requires existing shrinkwrap file
npm error A complete log of this run can be found in: /home/runner/.npm/_logs/2026-02-16T11_37_41_397Z-debug-0.log

2026-02-16T11:37:41.6626815Z ##[endgroup]
2026-02-16T11:37:41.6627042Z [vuln-diff] Analysis: done
2026-02-16T11:37:41.6627286Z [vuln-diff] Normalization: start
2026-02-16T11:37:41.6628159Z [vuln-diff][normalization] dist directory: /home/runner/work/java-common-libs/java-common-libs/dist
2026-02-16T11:37:41.6630735Z ##[warning][vuln-diff][normalization] meta.json missing. Attempting Phase 1 analysis fallback…
2026-02-16T11:37:41.6631902Z ##[group][analysis] Inputs
2026-02-16T11:37:41.6632126Z [debug] Analysis start
2026-02-16T11:37:41.6632339Z base_ref: develop
2026-02-16T11:37:41.6632521Z head_ref: TASK-7908
2026-02-16T11:37:41.6632721Z path: .
2026-02-16T11:37:41.6633200Z ##[endgroup]
2026-02-16T11:37:41.6633560Z ##[group][analysis] Tools detection
2026-02-16T11:37:43.5800411Z tools detected in 1920ms
2026-02-16T11:37:43.5801563Z ##[endgroup]
2026-02-16T11:37:43.5802064Z ##[group][analysis] Resolve refs & prepare worktrees
2026-02-16T11:37:43.7935378Z resolved base_sha: 1cc8a1f06371e32e8ead07a1eb402c7121857159 (1cc8a1f)
2026-02-16T11:37:43.7936498Z resolved head_sha: 6ea5bda43331f60dd07514b84dc9a1eded4e4515 (6ea5bda)
2026-02-16T11:37:43.9242811Z base workdir: /home/runner/work/java-common-libs/java-common-libs/dist/refs/1cc8a1f
2026-02-16T11:37:43.9243973Z head workdir: /home/runner/work/java-common-libs/java-common-libs/dist/refs/6ea5bda
2026-02-16T11:37:43.9244774Z refs & worktrees ready in 345ms
2026-02-16T11:37:43.9246341Z ##[endgroup]
2026-02-16T11:37:43.9246939Z ##[group][analysis] Project type detection
2026-02-16T11:37:43.9247420Z [analysis] Detected project type: java
2026-02-16T11:37:43.9248043Z ##[endgroup]
2026-02-16T11:37:43.9248544Z ##[group][analysis] SBOM generation
2026-02-16T11:37:53.9949104Z wrote SBOMs -> /home/runner/work/java-common-libs/java-common-libs/dist/sbom/base.sbom.json / /home/runner/work/java-common-libs/java-common-libs/dist/sbom/head.sbom.json
2026-02-16T11:37:53.9950585Z SBOM generation done in 10070ms
2026-02-16T11:37:53.9951493Z ##[endgroup]
2026-02-16T11:37:53.9952216Z ##[group][analysis] Vulnerability scanning (Grype + npm audit)
2026-02-16T11:37:54.2989881Z ##[error][debug] Error caught in analysis: Error: npm audit failed: Command failed: npm audit --json
npm error code ENOLOCK
npm error audit This command requires an existing lockfile.
npm error audit Try creating one first with: npm i --package-lock-only
npm error audit Original error: loadVirtual requires existing shrinkwrap file
npm error A complete log of this run can be found in: /home/runner/.npm/_logs/2026-02-16T11_37_54_052Z-debug-0.log

    at scanWithNpmAudit (/home/runner/work/_actions/sec-open/vuln-diff-action/v2.0.0-alpha.3/.bundle/index.js:812:198639)
    at process.processTicksAndRejections (node:internal/process/task_queues:95:5)
    at async analysis (/home/runner/work/_actions/sec-open/vuln-diff-action/v2.0.0-alpha.3/.bundle/index.js:812:191817)
    at async normalization (/home/runner/work/_actions/sec-open/vuln-diff-action/v2.0.0-alpha.3/.bundle/index.js:812:215470)
    at async runMain (/home/runner/work/_actions/sec-open/vuln-diff-action/v2.0.0-alpha.3/.bundle/index.js:812:211727)
2026-02-16T11:37:54.3003837Z ##[error][analysis] failed: npm audit failed: Command failed: npm audit --json
npm error code ENOLOCK
npm error audit This command requires an existing lockfile.
npm error audit Try creating one first with: npm i --package-lock-only
npm error audit Original error: loadVirtual requires existing shrinkwrap file
npm error A complete log of this run can be found in: /home/runner/.npm/_logs/2026-02-16T11_37_54_052Z-debug-0.log

2026-02-16T11:37:54.3008011Z ##[endgroup]
2026-02-16T11:37:54.3012131Z ##[error][vuln-diff] Normalization failed: [normalization] dist not ready: missing /home/runner/work/java-common-libs/java-common-libs/dist/meta.json. Phase 1 fallback failed: [normalization] dist not ready after fallback: missing /home/runner/work/java-common-libs/java-common-libs/dist/meta.json.
2026-02-16T11:37:54.3128622Z ##[group]Run actions/cache@v4
2026-02-16T11:37:54.3128867Z with:
2026-02-16T11:37:54.3129050Z   path: ~/.cache/puppeteer
2026-02-16T11:37:54.3129268Z   key: puppeteer-Linux
2026-02-16T11:37:54.3129481Z   enableCrossOsArchive: false
2026-02-16T11:37:54.3129705Z   fail-on-cache-miss: false
2026-02-16T11:37:54.3129914Z   lookup-only: false
2026-02-16T11:37:54.3130096Z   save-always: false
2026-02-16T11:37:54.3130270Z env:
2026-02-16T11:37:54.3130536Z   JAVA_HOME: /opt/hostedtoolcache/Java_Temurin-Hotspot_jdk/8.0.482-8/x64
2026-02-16T11:37:54.3131013Z   JAVA_HOME_8_X64: /opt/hostedtoolcache/Java_Temurin-Hotspot_jdk/8.0.482-8/x64
2026-02-16T11:37:54.3131355Z ##[endgroup]
2026-02-16T11:37:54.6143182Z Cache not found for input keys: puppeteer-Linux
2026-02-16T11:37:54.6274023Z Post job cleanup.
2026-02-16T11:37:54.8116606Z Post job cleanup.
2026-02-16T11:37:54.9175206Z [command]/usr/bin/git version
2026-02-16T11:37:54.9219229Z git version 2.52.0
2026-02-16T11:37:54.9267429Z Temporarily overriding HOME='/home/runner/work/_temp/a445d995-8175-4db5-a35f-fd996194fcc4' before making global git config changes
2026-02-16T11:37:54.9268759Z Adding repository directory to the temporary git global config as a safe directory
2026-02-16T11:37:54.9284097Z [command]/usr/bin/git config --global --add safe.directory /home/runner/work/java-common-libs/java-common-libs
2026-02-16T11:37:54.9327212Z [command]/usr/bin/git config --local --name-only --get-regexp core\.sshCommand
2026-02-16T11:37:54.9367926Z [command]/usr/bin/git submodule foreach --recursive sh -c "git config --local --name-only --get-regexp 'core\.sshCommand' && git config --local --unset-all 'core.sshCommand' || :"
2026-02-16T11:37:54.9650750Z [command]/usr/bin/git config --local --name-only --get-regexp http\.https\:\/\/github\.com\/\.extraheader
2026-02-16T11:37:54.9679913Z http.https://github.com/.extraheader
2026-02-16T11:37:54.9698009Z [command]/usr/bin/git config --local --unset-all http.https://github.com/.extraheader
2026-02-16T11:37:54.9738977Z [command]/usr/bin/git submodule foreach --recursive sh -c "git config --local --name-only --get-regexp 'http\.https\:\/\/github\.com\/\.extraheader' && git config --local --unset-all 'http.https://github.com/.extraheader' || :"
2026-02-16T11:37:55.0010141Z [command]/usr/bin/git config --local --name-only --get-regexp ^includeIf\.gitdir:
2026-02-16T11:37:55.0050734Z [command]/usr/bin/git submodule foreach --recursive git config --local --show-origin --name-only --get-regexp remote.origin.url
2026-02-16T11:37:55.0432953Z Cleaning up orphan processes